// Jest Snapshot v1, https://goo.gl/fbAQLP

exports[`Should render correctly 1`] = `
<div
  className="container quote"
>
  <p>
    Mathematics is not about numbers, eqations, computations, or algorithms: it is about understanding. -William Paul Thurston
  </p>
</div>
`;
